info: syncing channel updates for 1.89.0-x86_64-unknown-linux-gnu
info: latest update on 2025-08-07 for version 1.89.0 (29483883e 2025-08-04)
info: component clippy is up to date
info: component rust-std is up to date
info: component rustfmt is up to date
info: downloading component rust-analyzer
    Updating crates.io index
    Updating git repository `https://github.com/valargroup/ypir.git`
    Updating git repository `https://github.com/menonsamir/spiral-rs.git`
 Downloading crates ...
  Downloaded anes v0.1.6
  Downloaded oorandom v11.1.5
  Downloaded proc-macro2 v1.0.106
  Downloaded aho-corasick v1.1.4
  Downloaded anstream v1.0.0
  Downloaded env_filter v1.0.1
  Downloaded cpufeatures v0.2.17
  Downloaded half v2.7.1
  Downloaded quote v1.0.45
  Downloaded zeroize v1.8.2
  Downloaded zmij v1.0.21
  Downloaded rand_core v0.6.4
  Downloaded unicode-ident v1.0.24
  Downloaded walkdir v2.5.0
  Downloaded version_check v0.9.5
  Downloaded thiserror-impl v1.0.69
  Downloaded itoa v1.0.18
  Downloaded colorchoice v1.0.5
  Downloaded block-buffer v0.10.4
  Downloaded is_terminal_polyfill v1.70.2
  Downloaded generic-array v0.14.7
  Downloaded cast v0.3.0
  Downloaded utf8parse v0.2.2
  Downloaded syn v2.0.117
  Downloaded subtle v2.6.1
  Downloaded thiserror v1.0.69
  Downloaded valar-spiral-rs v0.5.3-rc.1
  Downloaded typenum v1.20.0
  Downloaded serde v1.0.228
  Downloaded rand v0.8.6
  Downloaded serde_json v1.0.149
  Downloaded regex v1.12.3
  Downloaded once_cell v1.21.4
  Downloaded rayon v1.12.0
  Downloaded sha1 v0.10.6
  Downloaded serde_derive v1.0.228
  Downloaded getrandom v0.3.4
  Downloaded clap v4.6.1
  Downloaded ciborium v0.2.2
  Downloaded regex-syntax v0.8.10
  Downloaded sha2 v0.10.9
  Downloaded zerocopy v0.8.48
  Downloaded clap_derive v4.6.1
  Downloaded ciborium-ll v0.2.2
  Downloaded log v0.4.29
  Downloaded libc v0.2.186
  Downloaded env_logger v0.11.10
  Downloaded either v1.15.0
  Downloaded crossbeam-epoch v0.9.18
  Downloaded anstyle v1.0.14
  Downloaded tinytemplate v1.2.1
  Downloaded rayon-core v1.13.0
  Downloaded clap_lex v1.1.0
  Downloaded clap_builder v4.6.0
  Downloaded autocfg v1.5.0
  Downloaded rand v0.9.4
  Downloaded regex-automata v0.4.14
  Downloaded plotters-backend v0.3.7
  Downloaded zerocopy-derive v0.8.48
  Downloaded plotters v0.3.7
  Downloaded fastrand v2.4.1
  Downloaded criterion v0.5.1
  Downloaded anstyle-query v1.1.5
  Downloaded strsim v0.11.1
  Downloaded serde_core v1.0.228
  Downloaded same-file v1.0.6
  Downloaded jiff v0.2.24
  Downloaded rand_core v0.9.5
  Downloaded rand_chacha v0.3.1
  Downloaded ppv-lite86 v0.2.21
  Downloaded num-traits v0.2.19
  Downloaded itertools v0.10.5
  Downloaded is-terminal v0.4.17
  Downloaded digest v0.10.7
  Downloaded crossbeam-utils v0.8.21
  Downloaded ciborium-io v0.2.2
  Downloaded anstyle-parse v1.0.0
  Downloaded plotters-svg v0.3.7
  Downloaded memchr v2.8.0
  Downloaded heck v0.5.0
  Downloaded getrandom v0.2.17
  Downloaded crypto-common v0.1.7
  Downloaded crossbeam-deque v0.8.6
  Downloaded criterion-plot v0.5.0
  Downloaded cfg-if v1.0.4
   Compiling proc-macro2 v1.0.106
   Compiling quote v1.0.45
   Compiling unicode-ident v1.0.24
   Compiling cfg-if v1.0.4
   Compiling libc v0.2.186
   Compiling zerocopy v0.8.48
   Compiling version_check v0.9.5
   Compiling memchr v2.8.0
   Compiling serde_core v1.0.228
   Compiling typenum v1.20.0
   Compiling crossbeam-utils v0.8.21
   Compiling generic-array v0.14.7
   Compiling zmij v1.0.21
   Compiling serde_json v1.0.149
   Compiling itoa v1.0.18
   Compiling rayon-core v1.13.0
   Compiling either v1.15.0
   Compiling syn v2.0.117
   Compiling crossbeam-epoch v0.9.18
   Compiling utf8parse v0.2.2
   Compiling cpufeatures v0.2.17
   Compiling anstyle-parse v1.0.0
   Compiling aho-corasick v1.1.4
   Compiling colorchoice v1.0.5
   Compiling anstyle-query v1.1.5
   Compiling is_terminal_polyfill v1.70.2
   Compiling anstyle v1.0.14
   Compiling crossbeam-deque v0.8.6
   Compiling regex-syntax v0.8.10
   Compiling block-buffer v0.10.4
   Compiling crypto-common v0.1.7
   Compiling getrandom v0.2.17
   Compiling digest v0.10.7
   Compiling serde v1.0.228
   Compiling rand_core v0.6.4
   Compiling thiserror v1.0.69
   Compiling sha2 v0.10.9
   Compiling anstream v1.0.0
   Compiling getrandom v0.3.4
   Compiling rayon v1.12.0
   Compiling fastrand v2.4.1
   Compiling autocfg v1.5.0
   Compiling subtle v2.6.1
   Compiling clap_lex v1.1.0
   Compiling heck v0.5.0
   Compiling regex-automata v0.4.14
   Compiling num-traits v0.2.19
   Compiling strsim v0.11.1
   Compiling clap_builder v4.6.0
   Compiling log v0.4.29
   Compiling plotters-backend v0.3.7
   Compiling ciborium-io v0.2.2
   Compiling plotters-svg v0.3.7
   Compiling rand_core v0.9.5
   Compiling itertools v0.10.5
   Compiling zeroize v1.8.2
   Compiling cast v0.3.0
   Compiling same-file v1.0.6
   Compiling jiff v0.2.24
   Compiling walkdir v2.5.0
   Compiling plotters v0.3.7
   Compiling zerocopy-derive v0.8.48
   Compiling serde_derive v1.0.228
   Compiling thiserror-impl v1.0.69
   Compiling regex v1.12.3
   Compiling clap_derive v4.6.1
   Compiling env_filter v1.0.1
   Compiling criterion-plot v0.5.0
   Compiling rand v0.9.4
   Compiling sha1 v0.10.6
   Compiling is-terminal v0.4.17
   Compiling oorandom v11.1.5
   Compiling once_cell v1.21.4
   Compiling anes v0.1.6
   Compiling clap v4.6.1
   Compiling env_logger v0.11.10
   Compiling tinytemplate v1.2.1
   Compiling ppv-lite86 v0.2.21
   Compiling half v2.7.1
   Compiling ciborium-ll v0.2.2
   Compiling rand_chacha v0.3.1
   Compiling ciborium v0.2.2
   Compiling rand v0.8.6
   Compiling criterion v0.5.1
   Compiling valar-spiral-rs v0.5.3-rc.1
   Compiling inspiring v0.1.0-rc.1 (/root/baseline/inspiring)
   Compiling simplepir-kernel v0.1.0-rc.1 (/root/baseline/simplepir-kernel)
   Compiling reinspiring v0.1.0 (/root/baseline/reinspiring)
   Compiling ipir-sp v0.1.0-rc.2 (/root/baseline/ipir-sp)
    Finished `release` profile [optimized] target(s) in 28.70s
