   Compiling zerocopy v0.8.48
   Compiling serde_core v1.0.228
   Compiling serde v1.0.228
   Compiling zerocopy-derive v0.8.48
    Checking either v1.15.0
   Compiling autocfg v1.5.0
    Checking plotters-backend v0.3.7
    Checking ciborium-io v0.2.2
    Checking same-file v1.0.6
    Checking cast v0.3.0
    Checking rayon v1.12.0
    Checking plotters-svg v0.3.7
    Checking itertools v0.10.5
    Checking walkdir v2.5.0
    Checking is-terminal v0.4.17
    Checking oorandom v11.1.5
    Checking anes v0.1.6
   Compiling num-traits v0.2.19
    Checking criterion-plot v0.5.0
    Checking plotters v0.3.7
    Checking serde_json v1.0.149
    Checking serde_urlencoded v0.7.1
    Checking actix-router v0.5.4
    Checking reqwest v0.12.28
    Checking tinytemplate v1.2.1
   Compiling actix-web-codegen v4.3.0
    Checking ppv-lite86 v0.2.21
    Checking half v2.7.1
    Checking ciborium-ll v0.2.2
    Checking rand_chacha v0.3.1
    Checking rand_chacha v0.9.0
    Checking ciborium v0.2.2
    Checking rand v0.9.4
    Checking rand v0.8.6
    Checking criterion v0.5.1
    Checking actix-http v3.11.2
    Checking valar-spiral-rs v0.5.3-rc.1
    Checking inspiring v0.1.0-rc.1 (/root/optimized/inspiring)
    Checking reinspiring v0.1.0 (/root/optimized/reinspiring)
    Checking simplepir-kernel v0.1.0-rc.1 (/root/optimized/simplepir-kernel)
    Checking actix-web v4.11.0
    Checking actix-cors v0.7.0
    Checking ipir-sp v0.1.0-rc.2 (/root/optimized/ipir-sp)
    Finished `dev` profile [unoptimized + debuginfo] target(s) in 8.40s
