   Compiling memchr v2.8.0
   Compiling bytes v1.11.1
   Compiling smallvec v1.15.1
   Compiling pin-project-lite v0.2.17
   Compiling libc v0.2.186
   Compiling futures-core v0.3.32
   Compiling syn v2.0.117
   Compiling shlex v1.3.0
   Compiling parking_lot_core v0.9.12
   Compiling find-msvc-tools v0.1.9
   Compiling scopeguard v1.2.0
   Compiling pkg-config v0.3.33
   Compiling lock_api v0.4.14
   Compiling errno v0.3.14
   Compiling signal-hook-registry v1.4.8
   Compiling parking_lot v0.12.5
   Compiling socket2 v0.6.3
   Compiling mio v1.2.0
   Compiling stable_deref_trait v1.2.1
   Compiling futures-sink v0.3.32
   Compiling tracing-core v0.1.36
   Compiling slab v0.4.12
   Compiling futures-task v0.3.32
   Compiling jobserver v0.1.34
   Compiling writeable v0.6.3
   Compiling fnv v1.0.7
   Compiling futures-io v0.3.32
   Compiling tokio v1.52.3
   Compiling cc v1.2.62
   Compiling percent-encoding v2.3.2
   Compiling litemap v0.8.2
   Compiling futures-util v0.3.32
   Compiling equivalent v1.0.2
   Compiling hashbrown v0.17.1
   Compiling icu_properties_data v2.2.0
   Compiling bitflags v2.11.1
   Compiling vcpkg v0.2.15
   Compiling icu_normalizer_data v2.2.0
   Compiling utf8_iter v1.0.4
   Compiling httparse v1.10.1
   Compiling serde_json v1.0.149
   Compiling indexmap v2.14.0
   Compiling http v1.4.0
   Compiling aho-corasick v1.1.4
   Compiling openssl-sys v0.9.115
   Compiling zstd-sys v2.0.16+zstd.1.5.7
   Compiling regex-syntax v0.8.10
   Compiling getrandom v0.3.4
   Compiling serde_core v1.0.228
   Compiling http-body v1.0.1
   Compiling synstructure v0.13.2
   Compiling form_urlencoded v1.2.2
   Compiling openssl v0.10.79
   Compiling zstd-safe v7.2.4
   Compiling crc32fast v1.5.0
   Compiling base64 v0.22.1
   Compiling unicode-segmentation v1.13.2
   Compiling alloc-no-stdlib v2.0.4
   Compiling foreign-types-shared v0.1.1
   Compiling local-waker v0.1.4
   Compiling serde v1.0.228
   Compiling convert_case v0.10.0
   Compiling foreign-types v0.3.2
   Compiling alloc-stdlib v0.2.2
   Compiling rand_core v0.9.5
   Compiling http v0.2.12
   Compiling tokio-util v0.7.18
   Compiling regex-automata v0.4.14
   Compiling zerofrom-derive v0.1.7
   Compiling zerocopy-derive v0.8.48
   Compiling yoke-derive v0.8.2
   Compiling zerovec-derive v0.11.3
   Compiling zerofrom v0.1.7
   Compiling displaydoc v0.2.5
   Compiling zerocopy v0.8.48
   Compiling yoke v0.8.2
   Compiling tracing-attributes v0.1.31
   Compiling serde_derive v1.0.228
   Compiling openssl-macros v0.1.1
   Compiling zerotrie v0.2.4
   Compiling zerovec v0.11.6
   Compiling regex v1.12.3
   Compiling tinystr v0.8.3
   Compiling potential_utf v0.1.5
   Compiling icu_collections v2.2.0
   Compiling icu_locale_core v2.2.0
   Compiling time-core v0.1.6
   Compiling tracing v0.1.44
   Compiling atomic-waker v1.1.2
   Compiling adler2 v2.0.1
   Compiling powerfmt v0.2.0
   Compiling simd-adler32 v0.3.9
   Compiling unicode-xid v0.2.6
   Compiling num-conv v0.1.0
   Compiling try-lock v0.2.5
   Compiling native-tls v0.2.18
   Compiling log v0.4.29
   Compiling icu_provider v2.2.0
   Compiling tower-service v0.3.3
   Compiling icu_normalizer v2.2.0
   Compiling icu_properties v2.2.0
   Compiling bytestring v1.4.0
   Compiling time-macros v0.2.24
   Compiling want v0.3.1
   Compiling derive_more-impl v2.1.1
   Compiling miniz_oxide v0.8.9
   Compiling idna_adapter v1.2.2
   Compiling idna v1.1.0
   Compiling deranged v0.5.8
   Compiling h2 v0.4.14
   Compiling url v2.5.8
   Compiling ppv-lite86 v0.2.21
   Compiling rand_chacha v0.3.1
   Compiling rand_chacha v0.9.0
   Compiling rand v0.8.6
   Compiling thiserror-impl v1.0.69
   Compiling actix-rt v2.11.0
   Compiling brotli-decompressor v5.0.0
   Compiling actix-utils v3.0.1
   Compiling futures-channel v0.3.32
   Compiling cookie v0.16.2
   Compiling actix-service v2.0.3
   Compiling encoding_rs v0.8.35
   Compiling openssl-probe v0.2.1
   Compiling regex-lite v0.1.9
   Compiling mime v0.3.17
   Compiling cfg-if v1.0.4
   Compiling ryu v1.0.23
   Compiling actix-router v0.5.4
   Compiling serde_urlencoded v0.7.1
   Compiling time v0.3.44
   Compiling brotli v8.0.2
   Compiling valar-spiral-rs v0.5.3-rc.1
   Compiling hyper v1.9.0
   Compiling thiserror v1.0.69
   Compiling derive_more v2.1.1
   Compiling flate2 v1.1.9
   Compiling rand v0.9.4
   Compiling actix-codec v0.5.2
   Compiling h2 v0.3.27
   Compiling local-channel v0.1.5
   Compiling sync_wrapper v1.0.2
   Compiling socket2 v0.5.10
   Compiling foldhash v0.1.5
   Compiling tower-layer v0.3.3
   Compiling language-tags v0.3.2
   Compiling httpdate v1.0.3
   Compiling cudarc v0.17.3
   Compiling ipnet v2.12.0
   Compiling clap_derive v4.6.1
   Compiling actix-server v2.6.0
   Compiling hyper-util v0.1.20
   Compiling tower v0.5.3
   Compiling inspiring v0.1.0-rc.1 (/root/optimized/inspiring)
   Compiling tokio-native-tls v0.3.1
   Compiling actix-web-codegen v4.3.0
   Compiling actix-macros v0.2.4
   Compiling http-body-util v0.1.3
   Compiling libloading v0.8.9
   Compiling convert_case v0.4.0
   Compiling impl-more v0.1.9
   Compiling derive_more v0.99.20
   Compiling hyper-tls v0.6.0
   Compiling clap v4.6.1
   Compiling tower-http v0.6.10
   Compiling rustls-pki-types v1.14.1
   Compiling env_filter v1.0.1
   Compiling env_logger v0.11.10
   Compiling reqwest v0.12.28
   Compiling reinspiring v0.1.0 (/root/optimized/reinspiring)
   Compiling half v2.7.1
   Compiling tinytemplate v1.2.1
   Compiling ciborium-ll v0.2.2
   Compiling ciborium v0.2.2
   Compiling criterion v0.5.1
   Compiling simplepir-kernel v0.1.0-rc.1 (/root/optimized/simplepir-kernel)
   Compiling zstd v0.13.3
   Compiling actix-http v3.11.2
   Compiling actix-web v4.11.0
   Compiling actix-cors v0.7.0
   Compiling ipir-sp v0.1.0-rc.2 (/root/optimized/ipir-sp)
    Finished `release` profile [optimized] target(s) in 55.14s
     Running tests/native_flow.rs (target/release/deps/native_flow-4de91c7c21101d6e)

running 3 tests
test immutable_server_handles_concurrent_fresh_queries ... ok
test batched_preprocessing_preserves_block_order_and_wire_responses ... ok
test native_ipir_full_wire_roundtrip_and_binding_rejections ... ok

test result: ok. 3 passed; 0 failed; 0 ignored; 0 measured; 0 filtered out; finished in 0.01s

